output-test-dir: snakemake_unit_tests/tests/examples/test17/output
snakefile: snakemake_unit_tests/tests/examples/test17/input/workflow/Snakefile
pipeline-dir: snakemake_unit_tests/tests/examples/test17/input
inst-dir: snakemake_unit_tests/inst
snakemake-log: snakemake_unit_tests/tests/examples/test17/input/run.log
added-files:
  - config.yaml
added-directories:
  - schema
exclude-rules:
  - all
