output-test-dir: snakemake_unit_tests/tests/examples/test4/output
snakefile: snakemake_unit_tests/tests/examples/test4/input/workflow/Snakefile
pipeline-dir: snakemake_unit_tests/tests/examples/test4/input
inst-dir: snakemake_unit_tests/inst
snakemake-log: snakemake_unit_tests/tests/examples/test4/input/run.log
added-files: ~
added-directories: ~
exclude-rules:
  - all
