output-test-dir: snakemake_unit_tests/tests/examples/test16/output
snakefile: snakemake_unit_tests/tests/examples/test16/input/workflow/Snakefile
pipeline-dir: snakemake_unit_tests/tests/examples/test16/input
inst-dir: snakemake_unit_tests/inst
snakemake-log: snakemake_unit_tests/tests/examples/test16/input/run.log
added-files:
  - config.yaml
added-directories: ~
exclude-rules:
  - all
